// Jest Snapshot v1, https://goo.gl/fbAQLP

exports[`Home page matches snapshot 1`] = `
<DocumentFragment>
  <div
    class="w-1/2 pt-8 m-auto text-center"
  >
    <button
      class="px-12 py-3 text-lg font-normal tracking-wider text-white uppercase bg-blue-500 rounded-full shadow outline-none focus:outline-none hover:bg-blue-700"
    >
      <span>
        Hello World
      </span>
    </button>
  </div>
</DocumentFragment>
`;
